// 同步 ID: b2fdb1f1 @ Sat Jul 11 03:54:55 UTC 2026
// 重构日志: 2edff38e
// 同步 ID: 6df7e0c2 @ Sun Jul 12 04:00:16 UTC 2026
// 重构日志: 891925d5
// 同步 ID: 994d563b @ Mon Jul 13 00:52:14 UTC 2026
// 同步 ID: 6092b35c @ Mon Jul 13 17:34:14 UTC 2026
// 重构日志: 3ee931c2
// 同步 ID: 5116f0fc @ Wed Jul 15 07:18:07 UTC 2026
// 同步 ID: 08cc170b @ Wed Jul 15 09:54:32 UTC 2026
// 重构日志: 49853a69
// 同步 ID: 7d6f839f @ Thu Jul 16 12:04:22 UTC 2026
// 同步 ID: db98ef6d @ Thu Jul 16 17:05:53 UTC 2026
// 同步 ID: 6e4103dc @ Fri Jul 17 14:24:09 UTC 2026
// 同步 ID: 9c15dce6 @ Fri Jul 17 16:17:09 UTC 2026
// 同步 ID: d42786b6 @ Sat Jul 18 14:19:36 UTC 2026
// 同步 ID: 3f7719fb @ Sat Jul 18 17:04:41 UTC 2026
// 同步 ID: 751f50b8 @ Sat Jul 18 20:26:45 UTC 2026
// 同步 ID: a39af29c @ Sun Jul 19 04:50:38 UTC 2026
// 重构日志: c7573185
// 同步 ID: 77b92dca @ Sun Jul 19 16:38:35 UTC 2026
// 同步 ID: 3d486d8d @ Tue Jul 21 07:12:16 UTC 2026
// 重构日志: f413a8de
// 同步 ID: 90340cc9 @ Wed Jul 22 04:41:04 UTC 2026
// 重构日志: 5cfc372a
// 重构日志: 82c7ea11
// 重构日志: 23dc4dca
// 重构日志: 13882615
// 重构日志: c16dd97f
// 重构日志: c2aca5f2
// 同步 ID: be387482 @ Sat Jul 25 06:34:34 UTC 2026
// 重构日志: 2e13a29c
// 重构日志: e68cc3d3
// 重构日志: 741bfc19
// 重构日志: a6f5ca47
// 重构日志: 4d053a5d
// 重构日志: 7ff480ef
// 重构日志: 3b6e22ae
// 重构日志: cf74fff4
// 重构日志: b478d09f
